{
    "local_job_id": {
        "value": "4843309",
        "error": 0
    },
    "name": {
        "value": "test job 2",
        "error": 0
    },
    "resource_name": {
        "value": "pcp",
        "error": 0
    },
    "resource_id": {
        "value": 1,
        "error": 0
    },
    "organization_id": {
        "value": 1,
        "error": 0
    },
    "account": {
        "value": "asfdnn",
        "error": 0
    },
    "username": {
        "value": "shfaksj",
        "error": 0
    },
    "cwd": {
        "value": "NA",
        "error": 2
    },
    "executable": {
        "value": "/util/common/python/anaconda-5.0.1/bin/python",
        "error": 0
    },
    "application": {
        "value": "python",
        "error": 0
    },
    "exit_status": {
        "value": "COMPLETED",
        "error": 0
    },
    "datasource": {
        "value": "pcp",
        "error": 0
    },
    "granted_pe": {
        "value": 32,
        "error": 0
    },
    "queue": {
        "value": "qwjekll",
        "error": 0
    },
    "requested_nodes": {
        "value": 2,
        "error": 0
    },
    "hosts": {
        "value": [
            "compute-node-01",
            "compute-node-02"
        ],
        "error": 0
    },
    "nodes": {
        "value": 2,
        "error": 0
    },
    "shared": {
        "value": 0,
        "error": 0
    },
    "cores": {
        "value": 32,
        "error": 0
    },
    "cores_avail": {
        "value": 32,
        "error": 0
    },
    "submit_time_ts": {
        "value": 1546451953,
        "error": 0
    },
    "eligible_time_ts": {
        "value": 1546451953,
        "error": 0
    },
    "start_time_ts": {
        "value": 1546451954,
        "error": 0
    },
    "end_time_ts": {
        "value": 1546457856,
        "error": 0
    },
    "wall_time": {
        "value": 5902,
        "error": 0
    },
    "requested_wall_time": {
        "value": 259200,
        "error": 0
    },
    "wait_time": {
        "value": 1,
        "error": 0
    },
    "cpu_time": {
        "value": 188864,
        "error": 0
    },
    "node_time": {
        "value": 11804,
        "error": 0
    },
    "cpu_idle": {
        "value": 0.0162509576674297,
        "error": 0
    },
    "cpu_system": {
        "value": 0.606332951366836,
        "error": 0
    },
    "cpu_user": {
        "value": 0.376575167977805,
        "error": 0
    },
    "error": {
        "value": null,
        "error": 2
    },
    "flops": {
        "value": null,
        "error": 8
    },
    "flops_cov": {
        "value": null,
        "error": 8
    },
    "cpiref": {
        "value": null,
        "error": 8
    },
    "cpiref_cov": {
        "value": null,
        "error": 8
    },
    "catastrophe": {
        "value": null,
        "error": 16384
    },
    "cpldref": {
        "value": null,
        "error": 8
    },
    "cpldref_cov": {
        "value": null,
        "error": 8
    },
    "mem_transferred": {
        "value": null,
        "error": 8
    },
    "mem_transferred_cov": {
        "value": null,
        "error": 8
    },
    "cpu_user_imbalance": {
        "value": 69.39658265860898,
        "error": 0
    },
    "cpu_user_cv": {
        "value": 0.36046222348215,
        "error": 0
    },
    "node_cpu_idle": {
        "value": 0.0162509576674297,
        "error": 0
    },
    "energy": {
        "value": 954623.519772768,
        "error": 0
    },
    "max_power": {
        "value": 165,
        "error": 0
    },
    "memory_used": {
        "value": 307590780.14070374,
        "error": 0
    },
    "memory_used_cov": {
        "value": 0.169926013252866,
        "error": 0
    },
    "max_memory": {
        "value": 0.0924613444010417,
        "error": 0
    },
    "mem_used_including_os_caches": {
        "value": 444056640.9648241,
        "error": 0
    },
    "mem_used_including_os_caches_cov": {
        "value": 0.0554264295501713,
        "error": 0
    },
    "ib_rx_bytes": {
        "value": 115200,
        "error": 0
    },
    "block_sda_wr_ios": {
        "value": 8107,
        "error": 0
    },
    "block_sda_wr_bytes": {
        "value": 81686,
        "error": 0
    },
    "block_sda_wr_bytes_cov": {
        "value": 0.0168799821672474,
        "error": 0
    },
    "block_sda_rd_ios": {
        "value": 6.5,
        "error": 0
    },
    "block_sda_rd_bytes": {
        "value": 174,
        "error": 0
    },
    "block_sda_rd_bytes_cov": {
        "value": 1.38170290576682,
        "error": 0
    },
    "netdrv_gpfs_rx": {
        "value": 548810984.5,
        "error": 0
    },
    "netdrv_gpfs_rx_cov": {
        "value": 1.41421356237309,
        "error": 0
    },
    "netdrv_gpfs_rx_msgs": {
        "value": 8839.5,
        "error": 0
    },
    "netdrv_gpfs_tx": {
        "value": 247993095,
        "error": 0
    },
    "netdrv_gpfs_tx_cov": {
        "value": 1.37636417328634,
        "error": 0
    },
    "netdrv_gpfs_tx_msgs": {
        "value": 5197,
        "error": 0
    },
    "netdrv_isilon_rx": {
        "value": null,
        "error": 2
    },
    "netdrv_isilon_rx_cov": {
        "value": null,
        "error": 2
    },
    "netdrv_isilon_rx_msgs": {
        "value": null,
        "error": 2
    },
    "netdrv_isilon_tx": {
        "value": null,
        "error": 2
    },
    "netdrv_isilon_tx_cov": {
        "value": null,
        "error": 2
    },
    "netdrv_isilon_tx_msgs": {
        "value": null,
        "error": 2
    },
    "netdrv_panasas_rx": {
        "value": null,
        "error": 2
    },
    "netdrv_panasas_rx_cov": {
        "value": null,
        "error": 2
    },
    "netdrv_panasas_rx_msgs": {
        "value": null,
        "error": 2
    },
    "netdrv_panasas_tx": {
        "value": null,
        "error": 2
    },
    "netdrv_panasas_tx_cov": {
        "value": null,
        "error": 2
    },
    "netdrv_panasas_tx_msgs": {
        "value": null,
        "error": 2
    },
    "netdir_home_read": {
        "value": null,
        "error": 2
    },
    "netdir_home_write": {
        "value": null,
        "error": 2
    },
    "netdir_projects_read": {
        "value": 777175,
        "error": 0
    },
    "netdir_projects_write": {
        "value": 0,
        "error": 0
    },
    "netdir_util_read": {
        "value": 74117274.5,
        "error": 0
    },
    "netdir_util_write": {
        "value": 0,
        "error": 0
    },
    "net_eth0_rx": {
        "value": 477981132,
        "error": 0
    },
    "net_eth0_rx_cov": {
        "value": 0.919246733675849,
        "error": 0
    },
    "net_eth0_rx_packets": {
        "value": null,
        "error": 8
    },
    "net_eth0_tx": {
        "value": 318017689.5,
        "error": 0
    },
    "net_eth0_tx_cov": {
        "value": 1.24193968687913,
        "error": 0
    },
    "net_eth0_tx_packets": {
        "value": null,
        "error": 8
    },
    "net_ib0_rx": {
        "value": 0,
        "error": 0
    },
    "net_ib0_rx_packets": {
        "value": null,
        "error": 8
    },
    "net_ib0_tx": {
        "value": 0,
        "error": 0
    },
    "net_ib0_tx_packets": {
        "value": null,
        "error": 8
    },
    "gpu_energy": {
        "value": 657403.674388661,
        "error": 0
    },
    "gpu_max_power": {
        "value": 177.293,
        "error": 0
    },
    "gpu0_nv_mem_used": {
        "value": null,
        "error": 8
    },
    "gpu0_nv_utilization": {
        "value": null,
        "error": 8
    }
}
